C:\Users\batra\Downloads\List\List\src\main\java\com\example\List\Service\FormService.java
C:\Users\batra\Downloads\List\List\src\main\java\com\example\List\Repo\category_Repo.java
C:\Users\batra\Downloads\List\List\src\main\java\com\example\List\Entity\Passport.java
C:\Users\batra\Downloads\List\List\src\main\java\com\example\List\ListApplication.java
C:\Users\batra\Downloads\List\List\src\main\java\com\example\List\Entity\product.java
C:\Users\batra\Downloads\List\List\src\main\java\com\example\List\Entity\Customer.java
C:\Users\batra\Downloads\List\List\src\main\java\com\example\List\Service\PdfExport.java
C:\Users\batra\Downloads\List\List\src\main\java\com\example\List\Repo\Account_Repo.java
C:\Users\batra\Downloads\List\List\src\main\java\com\example\List\Entity\PersonDTO.java
C:\Users\batra\Downloads\List\List\src\main\java\com\example\List\Entity\Category.java
C:\Users\batra\Downloads\List\List\src\main\java\com\example\List\Repo\Passport_Repo.java
C:\Users\batra\Downloads\List\List\src\main\java\com\example\List\Repo\Repo.java
C:\Users\batra\Downloads\List\List\src\main\java\com\example\List\Repo\Customer_Repo.java
C:\Users\batra\Downloads\List\List\src\main\java\com\example\List\Repo\Person_Repo.java
C:\Users\batra\Downloads\List\List\src\main\java\com\example\List\Controller\SimpleController.java
C:\Users\batra\Downloads\List\List\src\main\java\com\example\List\Entity\Account.java
C:\Users\batra\Downloads\List\List\src\main\java\com\example\List\Repo\product_Repo.java
C:\Users\batra\Downloads\List\List\src\main\java\com\example\List\Service\ServiceImpl\FormServiceIml.java
C:\Users\batra\Downloads\List\List\src\main\java\com\example\List\Entity\AccountDTO.java
C:\Users\batra\Downloads\List\List\src\main\java\com\example\List\Service\ExcelExport.java
C:\Users\batra\Downloads\List\List\src\main\java\com\example\List\Entity\Response.java
C:\Users\batra\Downloads\List\List\src\main\java\com\example\List\Entity\Person.java
